1. Registering user: test_verify_1770912190387@example.com
Register Response: 201 {
  msg: 'Verification required',
  email: 'test_verify_1770912190387@example.com'
}
2. Reading server log for OTP...
node : OTP not found 
in log!
At line:1 char:1
+ node 
test_verify.js > 
test_output.txt 2>&1
+ ~~~~~~~~~~~~~~~~~~~
~~~~~~~~~~~~~~~~~~~~~
~~
    + CategoryInfo   
           : NotSpe  
  cified: (OTP not   
  found in log!:S    
tring) [], Remot    
eException
    + FullyQualified 
   ErrorId : Native  
  CommandError
 
